<?xml version="1.0" encoding="utf-8"?><testsuites name="pytest tests"><testsuite name="pytest" errors="0" failures="0" skipped="0" tests="78" time="23.849" timestamp="2025-09-12T13:41:33.167463+00:00" hostname="8c8ab4203717"><testcase classname="app.tests.integration.test_api.TestRootEndpoint" name="test_root_endpoint" time="0.235" /><testcase classname="app.tests.integration.test_api.TestRootEndpoint" name="test_root_endpoint_cors_headers" time="0.025" /><testcase classname="app.tests.integration.test_api.TestConversationEndpoints" name="test_get_conversation_success" time="0.069" /><testcase classname="app.tests.integration.test_api.TestConversationEndpoints" name="test_get_conversation_not_found" time="0.040" /><testcase classname="app.tests.integration.test_api.TestConversationEndpoints" name="test_get_conversation_invalid_network" time="0.037" /><testcase classname="app.tests.integration.test_api.TestConversationEndpoints" name="test_get_conversation_invalid_uuid" time="0.024" /><testcase classname="app.tests.integration.test_api.TestPersonEndpoints" name="test_get_person_success" time="0.040" /><testcase classname="app.tests.integration.test_api.TestPersonEndpoints" name="test_get_person_not_found" time="0.029" /><testcase classname="app.tests.integration.test_api.TestPersonEndpoints" name="test_get_all_persons_success" time="0.038" /><testcase classname="app.tests.integration.test_api.TestPersonEndpoints" name="test_get_all_persons_empty" time="0.032" /><testcase classname="app.tests.integration.test_api.TestPersonEndpoints" name="test_update_person_name_only" time="0.038" /><testcase classname="app.tests.integration.test_api.TestPersonEndpoints" name="test_update_person_not_found" time="0.026" /><testcase classname="app.tests.integration.test_api.TestPersonEndpoints" name="test_delete_person_success" time="0.038" /><testcase classname="app.tests.integration.test_api.TestPersonEndpoints" name="test_delete_person_not_found" time="0.026" /><testcase classname="app.tests.integration.test_api.TestErrorHandling" name="test_global_exception_handler" time="0.022" /><testcase classname="app.tests.integration.test_api.TestErrorHandling" name="test_invalid_json_request" time="0.023" /><testcase classname="app.tests.integration.test_api.TestErrorHandling" name="test_missing_required_fields" time="0.023" /><testcase classname="app.tests.integration.test_api.TestCORS" name="test_cors_headers_present" time="0.021" /><testcase classname="app.tests.integration.test_api.TestCORS" name="test_cors_preflight_request" time="0.021" /><testcase classname="app.tests.integration.test_api.TestDatabaseIntegration" name="test_database_session_isolation" time="0.028" /><testcase classname="app.tests.integration.test_api.TestDatabaseIntegration" name="test_database_transaction_rollback" time="0.026" /><testcase classname="app.tests.test_main.TestMainApp" name="test_app_creation" time="0.000" /><testcase classname="app.tests.test_main.TestMainApp" name="test_app_routes_registration" time="0.000" /><testcase classname="app.tests.test_main.TestMainApp" name="test_cors_middleware" time="0.000" /><testcase classname="app.tests.test_main.TestMainApp" name="test_global_exception_handler" time="0.000" /><testcase classname="app.tests.test_main.TestMainApp" name="test_lifespan_manager" time="0.000" /><testcase classname="app.tests.test_main.TestMainApp" name="test_lifespan_startup" time="0.001" /><testcase classname="app.tests.test_main.TestMainApp" name="test_lifespan_shutdown" time="0.001" /><testcase classname="app.tests.test_main.TestMainApp" name="test_root_endpoint_exists" time="0.000" /><testcase classname="app.tests.test_main.TestMainApp" name="test_api_versioning" time="0.000" /><testcase classname="app.tests.test_main.TestMainApp" name="test_middleware_order" time="0.000" /><testcase classname="app.tests.test_main.TestMainApp" name="test_app_metadata" time="0.000" /><testcase classname="app.tests.test_main.TestMainApp" name="test_router_inclusion" time="0.001" /><testcase classname="app.tests.unit.test_database.TestDatabaseSession" name="test_create_tables" time="0.021" /><testcase classname="app.tests.unit.test_database.TestDatabaseSession" name="test_session_factory_creation" time="0.001" /><testcase classname="app.tests.unit.test_database.TestDatabaseSession" name="test_get_db_generator" time="0.003" /><testcase classname="app.tests.unit.test_database.TestDatabaseSession" name="test_session_cleanup" time="0.002" /><testcase classname="app.tests.unit.test_database.TestDatabaseSession" name="test_session_isolation" time="0.002" /><testcase classname="app.tests.unit.test_database.TestDatabaseSession" name="test_engine_configuration" time="0.001" /><testcase classname="app.tests.unit.test_database.TestDatabaseSession" name="test_sqlite_connection_args" time="0.003" /><testcase classname="app.tests.unit.test_database.TestDatabaseSession" name="test_database_transactions" time="0.009" /><testcase classname="app.tests.unit.test_database.TestDatabaseSession" name="test_database_rollback" time="0.004" /><testcase classname="app.tests.unit.test_database.TestDatabaseSession" name="test_database_error_handling" time="0.002" /><testcase classname="app.tests.unit.test_models.TestMiraNetwork" name="test_create_network" time="0.015" /><testcase classname="app.tests.unit.test_models.TestMiraNetwork" name="test_network_relationships" time="0.033" /><testcase classname="app.tests.unit.test_models.TestMiraNetwork" name="test_network_timestamps" time="0.024" /><testcase classname="app.tests.unit.test_models.TestPerson" name="test_create_person" time="0.026" /><testcase classname="app.tests.unit.test_models.TestPerson" name="test_person_unique_index" time="0.021" /><testcase classname="app.tests.unit.test_models.TestPerson" name="test_person_relationships" time="0.024" /><testcase classname="app.tests.unit.test_models.TestPerson" name="test_person_optional_fields" time="0.023" /><testcase classname="app.tests.unit.test_models.TestConversation" name="test_create_conversation" time="0.028" /><testcase classname="app.tests.unit.test_models.TestConversation" name="test_conversation_relationships" time="0.035" /><testcase classname="app.tests.unit.test_models.TestConversation" name="test_conversation_default_values" time="0.023" /><testcase classname="app.tests.unit.test_models.TestInteraction" name="test_create_interaction" time="0.022" /><testcase classname="app.tests.unit.test_models.TestInteraction" name="test_interaction_relationships" time="0.030" /><testcase classname="app.tests.unit.test_models.TestInteraction" name="test_interaction_optional_fields" time="0.020" /><testcase classname="app.tests.unit.test_models.TestAction" name="test_create_action" time="0.030" /><testcase classname="app.tests.unit.test_models.TestAction" name="test_action_relationships" time="0.038" /><testcase classname="app.tests.unit.test_models.TestAction" name="test_action_optional_fields" time="0.026" /><testcase classname="app.tests.unit.test_models.TestPersonConversationAssociation" name="test_association_table_structure" time="0.001" /><testcase classname="app.tests.unit.test_models.TestPersonConversationAssociation" name="test_person_conversation_many_to_many" time="0.035" /><testcase classname="app.tests.unit.test_services.TestServiceFactory" name="test_create_command_processor" time="0.008" /><testcase classname="app.tests.unit.test_services.TestServiceFactory" name="test_create_context_processor" time="0.001" /><testcase classname="app.tests.unit.test_services.TestServiceFactory" name="test_create_inference_processor" time="0.001" /><testcase classname="app.tests.unit.test_services.TestServiceFactory" name="test_create_multi_stream_processor" time="0.001" /><testcase classname="app.tests.unit.test_services.TestServiceFactory" name="test_create_sentence_processor" time="0.001" /><testcase classname="app.tests.unit.test_services.TestServiceFactory" name="test_load_network_config" time="0.001" /><testcase classname="app.tests.unit.test_services.TestServiceFactory" name="test_load_default_system_prompt_file_not_found" time="0.001" /><testcase classname="app.tests.unit.test_services.TestServiceFactory" name="test_load_default_system_prompt_success" time="0.001" /><testcase classname="app.tests.unit.test_services.TestServiceFactory" name="test_load_action_system_prompt_file_not_found" time="0.001" /><testcase classname="app.tests.unit.test_services.TestServiceFactory" name="test_load_action_system_prompt_success" time="0.001" /><testcase classname="app.tests.unit.test_services.TestServiceFactory" name="test_load_action_response_format_file_not_found" time="0.002" /><testcase classname="app.tests.unit.test_services.TestServiceFactory" name="test_load_action_response_format_success" time="0.001" /><testcase classname="app.tests.unit.test_services.TestServiceRegistry" name="test_get_service_new_service" time="0.001" /><testcase classname="app.tests.unit.test_services.TestServiceRegistry" name="test_get_service_existing_service" time="0.001" /><testcase classname="app.tests.unit.test_services.TestServiceRegistry" name="test_cleanup_all" time="0.001" /><testcase classname="app.tests.unit.test_services.TestServiceFactoryConvenienceFunctions" name="test_get_command_processor" time="0.001" /><testcase classname="app.tests.unit.test_services.TestServiceFactoryConvenienceFunctions" name="test_get_sentence_processor" time="0.002" /></testsuite></testsuites>